{"ts":"2026-05-25T17:10:43.507Z","level":"debug","scope":"commands","message":"Command registered: status"}
{"ts":"2026-05-25T17:10:43.604Z","level":"debug","scope":"commands","message":"Command registered: model"}
{"ts":"2026-05-25T17:10:43.671Z","level":"debug","scope":"commands","message":"Command registered: models"}
{"ts":"2026-05-25T17:10:43.715Z","level":"debug","scope":"commands","message":"Command registered: list"}
{"ts":"2026-05-25T17:10:43.771Z","level":"debug","scope":"commands","message":"Command registered: test"}
{"ts":"2026-05-25T17:10:43.816Z","level":"debug","scope":"commands","message":"Command registered: verbose"}
{"ts":"2026-05-25T17:10:43.851Z","level":"debug","scope":"commands","message":"Command registered: tts"}
{"ts":"2026-05-25T17:10:43.884Z","level":"debug","scope":"commands","message":"Command registered: promote"}
{"ts":"2026-05-25T17:10:43.918Z","level":"debug","scope":"commands","message":"Command registered: demote"}
{"ts":"2026-05-25T17:10:43.951Z","level":"debug","scope":"commands","message":"Command registered: ban"}
{"ts":"2026-05-25T17:10:43.985Z","level":"debug","scope":"commands","message":"Command registered: audit"}
{"ts":"2026-05-25T17:10:44.018Z","level":"debug","scope":"commands","message":"Command registered: watch"}
{"ts":"2026-05-25T17:10:44.052Z","level":"debug","scope":"commands","message":"Command registered: unwatch"}
{"ts":"2026-05-25T17:10:44.085Z","level":"debug","scope":"commands","message":"Command registered: remember"}
{"ts":"2026-05-25T17:10:44.118Z","level":"debug","scope":"commands","message":"Command registered: forget"}
{"ts":"2026-05-25T17:10:44.152Z","level":"debug","scope":"commands","message":"Command registered: recall"}
{"ts":"2026-05-25T17:10:44.185Z","level":"debug","scope":"commands","message":"Command registered: persona"}
{"ts":"2026-05-25T17:10:44.219Z","level":"debug","scope":"commands","message":"Command registered: commands"}
{"ts":"2026-05-25T17:10:44.252Z","level":"debug","scope":"commands","message":"Command registered: help"}
{"ts":"2026-05-25T17:10:44.631Z","level":"debug","scope":"tools","message":"Tool registered: get_market_data"}
{"ts":"2026-05-25T17:10:44.675Z","level":"debug","scope":"tools","message":"Tool registered: analyze_asset"}
{"ts":"2026-05-25T17:10:44.719Z","level":"debug","scope":"tools","message":"Tool registered: full_signal_analysis"}
{"ts":"2026-05-25T17:10:44.753Z","level":"debug","scope":"tools","message":"Tool registered: extract_chart_data"}
{"ts":"2026-05-25T17:10:44.786Z","level":"debug","scope":"tools","message":"Tool registered: extract_multiple_charts"}
{"ts":"2026-05-25T17:10:44.830Z","level":"debug","scope":"tools","message":"Tool registered: generate_image"}
{"ts":"2026-05-25T17:10:44.864Z","level":"debug","scope":"tools","message":"Tool registered: transcribe_audio"}
{"ts":"2026-05-25T17:10:44.897Z","level":"debug","scope":"tools","message":"Tool registered: analyze_chart_image"}
{"ts":"2026-05-25T17:47:54.018Z","level":"debug","scope":"commands","message":"Command registered: status"}
{"ts":"2026-05-25T17:47:54.067Z","level":"debug","scope":"commands","message":"Command registered: model"}
{"ts":"2026-05-25T17:47:54.100Z","level":"debug","scope":"commands","message":"Command registered: models"}
{"ts":"2026-05-25T17:47:54.134Z","level":"debug","scope":"commands","message":"Command registered: list"}
{"ts":"2026-05-25T17:47:54.167Z","level":"debug","scope":"commands","message":"Command registered: test"}
{"ts":"2026-05-25T17:47:54.200Z","level":"debug","scope":"commands","message":"Command registered: verbose"}
{"ts":"2026-05-25T17:47:54.234Z","level":"debug","scope":"commands","message":"Command registered: tts"}
{"ts":"2026-05-25T17:47:54.278Z","level":"debug","scope":"commands","message":"Command registered: promote"}
{"ts":"2026-05-25T17:47:54.312Z","level":"debug","scope":"commands","message":"Command registered: demote"}
{"ts":"2026-05-25T17:47:54.345Z","level":"debug","scope":"commands","message":"Command registered: ban"}
{"ts":"2026-05-25T17:47:54.379Z","level":"debug","scope":"commands","message":"Command registered: audit"}
{"ts":"2026-05-25T17:47:54.423Z","level":"debug","scope":"commands","message":"Command registered: watch"}
{"ts":"2026-05-25T17:47:54.459Z","level":"debug","scope":"commands","message":"Command registered: unwatch"}
{"ts":"2026-05-25T17:47:54.503Z","level":"debug","scope":"commands","message":"Command registered: remember"}
{"ts":"2026-05-25T17:47:54.548Z","level":"debug","scope":"commands","message":"Command registered: forget"}
{"ts":"2026-05-25T17:47:54.592Z","level":"debug","scope":"commands","message":"Command registered: recall"}
{"ts":"2026-05-25T17:47:54.637Z","level":"debug","scope":"commands","message":"Command registered: persona"}
{"ts":"2026-05-25T17:47:54.693Z","level":"debug","scope":"commands","message":"Command registered: commands"}
{"ts":"2026-05-25T17:47:54.737Z","level":"debug","scope":"commands","message":"Command registered: help"}
{"ts":"2026-05-25T17:47:55.047Z","level":"debug","scope":"tools","message":"Tool registered: get_market_data"}
{"ts":"2026-05-25T17:47:55.104Z","level":"debug","scope":"tools","message":"Tool registered: analyze_asset"}
{"ts":"2026-05-25T17:47:55.159Z","level":"debug","scope":"tools","message":"Tool registered: full_signal_analysis"}
{"ts":"2026-05-25T17:47:55.204Z","level":"debug","scope":"tools","message":"Tool registered: extract_chart_data"}
{"ts":"2026-05-25T17:47:55.248Z","level":"debug","scope":"tools","message":"Tool registered: extract_multiple_charts"}
{"ts":"2026-05-25T17:47:55.294Z","level":"debug","scope":"tools","message":"Tool registered: generate_image"}
{"ts":"2026-05-25T17:47:55.338Z","level":"debug","scope":"tools","message":"Tool registered: transcribe_audio"}
{"ts":"2026-05-25T17:47:55.382Z","level":"debug","scope":"tools","message":"Tool registered: analyze_chart_image"}
{"ts":"2026-05-25T17:47:55.435Z","level":"info","scope":"aether","message":"Specialist request","data":{"purpose":"image","url":"https://ai.api.nvidia.com/v1/genai/genai","model":"flux.1-dev"}}
{"ts":"2026-05-25T17:48:32.435Z","level":"debug","scope":"commands","message":"Command registered: status"}
{"ts":"2026-05-25T17:48:32.478Z","level":"debug","scope":"commands","message":"Command registered: model"}
{"ts":"2026-05-25T17:48:32.512Z","level":"debug","scope":"commands","message":"Command registered: models"}
{"ts":"2026-05-25T17:48:32.556Z","level":"debug","scope":"commands","message":"Command registered: list"}
{"ts":"2026-05-25T17:48:32.589Z","level":"debug","scope":"commands","message":"Command registered: test"}
{"ts":"2026-05-25T17:48:32.623Z","level":"debug","scope":"commands","message":"Command registered: verbose"}
{"ts":"2026-05-25T17:48:32.656Z","level":"debug","scope":"commands","message":"Command registered: tts"}
{"ts":"2026-05-25T17:48:32.690Z","level":"debug","scope":"commands","message":"Command registered: promote"}
{"ts":"2026-05-25T17:48:32.723Z","level":"debug","scope":"commands","message":"Command registered: demote"}
{"ts":"2026-05-25T17:48:32.757Z","level":"debug","scope":"commands","message":"Command registered: ban"}
{"ts":"2026-05-25T17:48:32.790Z","level":"debug","scope":"commands","message":"Command registered: audit"}
{"ts":"2026-05-25T17:48:32.824Z","level":"debug","scope":"commands","message":"Command registered: watch"}
{"ts":"2026-05-25T17:48:32.857Z","level":"debug","scope":"commands","message":"Command registered: unwatch"}
{"ts":"2026-05-25T17:48:32.890Z","level":"debug","scope":"commands","message":"Command registered: remember"}
{"ts":"2026-05-25T17:48:32.924Z","level":"debug","scope":"commands","message":"Command registered: forget"}
{"ts":"2026-05-25T17:48:32.957Z","level":"debug","scope":"commands","message":"Command registered: recall"}
{"ts":"2026-05-25T17:48:32.991Z","level":"debug","scope":"commands","message":"Command registered: persona"}
{"ts":"2026-05-25T17:48:33.024Z","level":"debug","scope":"commands","message":"Command registered: commands"}
{"ts":"2026-05-25T17:48:33.058Z","level":"debug","scope":"commands","message":"Command registered: help"}
{"ts":"2026-05-25T17:48:33.359Z","level":"debug","scope":"tools","message":"Tool registered: get_market_data"}
{"ts":"2026-05-25T17:48:33.414Z","level":"debug","scope":"tools","message":"Tool registered: analyze_asset"}
{"ts":"2026-05-25T17:48:33.447Z","level":"debug","scope":"tools","message":"Tool registered: full_signal_analysis"}
{"ts":"2026-05-25T17:48:33.481Z","level":"debug","scope":"tools","message":"Tool registered: extract_chart_data"}
{"ts":"2026-05-25T17:48:33.514Z","level":"debug","scope":"tools","message":"Tool registered: extract_multiple_charts"}
{"ts":"2026-05-25T17:48:33.547Z","level":"debug","scope":"tools","message":"Tool registered: generate_image"}
{"ts":"2026-05-25T17:48:33.581Z","level":"debug","scope":"tools","message":"Tool registered: transcribe_audio"}
{"ts":"2026-05-25T17:48:33.614Z","level":"debug","scope":"tools","message":"Tool registered: analyze_chart_image"}
{"ts":"2026-05-25T17:48:33.659Z","level":"info","scope":"aether","message":"Specialist request","data":{"purpose":"image","url":"https://ai.api.nvidia.com/v1/genai/","model":"flux.1-dev"}}
{"ts":"2026-05-25T17:55:05.640Z","level":"debug","scope":"commands","message":"Command registered: status"}
{"ts":"2026-05-25T17:55:05.696Z","level":"debug","scope":"commands","message":"Command registered: model"}
{"ts":"2026-05-25T17:55:05.763Z","level":"debug","scope":"commands","message":"Command registered: models"}
{"ts":"2026-05-25T17:55:05.819Z","level":"debug","scope":"commands","message":"Command registered: list"}
{"ts":"2026-05-25T17:55:05.930Z","level":"debug","scope":"commands","message":"Command registered: test"}
{"ts":"2026-05-25T17:55:05.963Z","level":"debug","scope":"commands","message":"Command registered: verbose"}
{"ts":"2026-05-25T17:55:05.997Z","level":"debug","scope":"commands","message":"Command registered: tts"}
{"ts":"2026-05-25T17:55:06.041Z","level":"debug","scope":"commands","message":"Command registered: promote"}
{"ts":"2026-05-25T17:55:06.119Z","level":"debug","scope":"commands","message":"Command registered: demote"}
{"ts":"2026-05-25T17:55:06.208Z","level":"debug","scope":"commands","message":"Command registered: ban"}
{"ts":"2026-05-25T17:55:06.286Z","level":"debug","scope":"commands","message":"Command registered: audit"}
{"ts":"2026-05-25T17:55:06.353Z","level":"debug","scope":"commands","message":"Command registered: watch"}
{"ts":"2026-05-25T17:55:06.420Z","level":"debug","scope":"commands","message":"Command registered: unwatch"}
{"ts":"2026-05-25T17:55:06.475Z","level":"debug","scope":"commands","message":"Command registered: remember"}
{"ts":"2026-05-25T17:55:06.565Z","level":"debug","scope":"commands","message":"Command registered: forget"}
{"ts":"2026-05-25T17:55:06.598Z","level":"debug","scope":"commands","message":"Command registered: recall"}
{"ts":"2026-05-25T17:55:06.653Z","level":"debug","scope":"commands","message":"Command registered: persona"}
{"ts":"2026-05-25T17:55:06.742Z","level":"debug","scope":"commands","message":"Command registered: commands"}
{"ts":"2026-05-25T17:55:06.798Z","level":"debug","scope":"commands","message":"Command registered: help"}
{"ts":"2026-05-25T17:55:07.253Z","level":"debug","scope":"tools","message":"Tool registered: get_market_data"}
{"ts":"2026-05-25T17:55:07.320Z","level":"debug","scope":"tools","message":"Tool registered: analyze_asset"}
{"ts":"2026-05-25T17:55:07.398Z","level":"debug","scope":"tools","message":"Tool registered: full_signal_analysis"}
{"ts":"2026-05-25T17:55:07.455Z","level":"debug","scope":"tools","message":"Tool registered: extract_chart_data"}
{"ts":"2026-05-25T17:55:07.521Z","level":"debug","scope":"tools","message":"Tool registered: extract_multiple_charts"}
{"ts":"2026-05-25T17:55:07.587Z","level":"debug","scope":"tools","message":"Tool registered: generate_image"}
{"ts":"2026-05-25T17:55:07.654Z","level":"debug","scope":"tools","message":"Tool registered: transcribe_audio"}
{"ts":"2026-05-25T17:55:07.721Z","level":"debug","scope":"tools","message":"Tool registered: analyze_chart_image"}
{"ts":"2026-05-25T17:55:07.918Z","level":"info","scope":"aether","message":"Specialist request","data":{"purpose":"image","url":"https://ai.api.nvidia.com/v1/genai/","model":"flux.1-dev"}}
{"ts":"2026-05-25T17:55:35.394Z","level":"debug","scope":"commands","message":"Command registered: status"}
{"ts":"2026-05-25T17:55:35.467Z","level":"debug","scope":"commands","message":"Command registered: model"}
{"ts":"2026-05-25T17:55:35.523Z","level":"debug","scope":"commands","message":"Command registered: models"}
{"ts":"2026-05-25T17:55:35.945Z","level":"debug","scope":"commands","message":"Command registered: list"}
{"ts":"2026-05-25T17:55:35.990Z","level":"debug","scope":"commands","message":"Command registered: test"}
{"ts":"2026-05-25T17:55:36.045Z","level":"debug","scope":"commands","message":"Command registered: verbose"}
{"ts":"2026-05-25T17:55:36.101Z","level":"debug","scope":"commands","message":"Command registered: tts"}
{"ts":"2026-05-25T17:55:36.157Z","level":"debug","scope":"commands","message":"Command registered: promote"}
{"ts":"2026-05-25T17:55:36.213Z","level":"debug","scope":"commands","message":"Command registered: demote"}
{"ts":"2026-05-25T17:55:36.280Z","level":"debug","scope":"commands","message":"Command registered: ban"}
{"ts":"2026-05-25T17:55:36.324Z","level":"debug","scope":"commands","message":"Command registered: audit"}
{"ts":"2026-05-25T17:55:36.413Z","level":"debug","scope":"commands","message":"Command registered: watch"}
{"ts":"2026-05-25T17:55:36.468Z","level":"debug","scope":"commands","message":"Command registered: unwatch"}
{"ts":"2026-05-25T17:55:36.524Z","level":"debug","scope":"commands","message":"Command registered: remember"}
{"ts":"2026-05-25T17:55:36.580Z","level":"debug","scope":"commands","message":"Command registered: forget"}
{"ts":"2026-05-25T17:55:36.635Z","level":"debug","scope":"commands","message":"Command registered: recall"}
{"ts":"2026-05-25T17:55:36.691Z","level":"debug","scope":"commands","message":"Command registered: persona"}
{"ts":"2026-05-25T17:55:36.747Z","level":"debug","scope":"commands","message":"Command registered: commands"}
{"ts":"2026-05-25T17:55:36.802Z","level":"debug","scope":"commands","message":"Command registered: help"}
{"ts":"2026-05-25T17:55:37.199Z","level":"debug","scope":"tools","message":"Tool registered: get_market_data"}
{"ts":"2026-05-25T17:55:37.769Z","level":"debug","scope":"tools","message":"Tool registered: analyze_asset"}
{"ts":"2026-05-25T17:55:37.849Z","level":"debug","scope":"tools","message":"Tool registered: full_signal_analysis"}
{"ts":"2026-05-25T17:55:37.936Z","level":"debug","scope":"tools","message":"Tool registered: extract_chart_data"}
{"ts":"2026-05-25T17:55:37.981Z","level":"debug","scope":"tools","message":"Tool registered: extract_multiple_charts"}
{"ts":"2026-05-25T17:55:38.025Z","level":"debug","scope":"tools","message":"Tool registered: generate_image"}
{"ts":"2026-05-25T17:55:38.059Z","level":"debug","scope":"tools","message":"Tool registered: transcribe_audio"}
{"ts":"2026-05-25T17:55:38.103Z","level":"debug","scope":"tools","message":"Tool registered: analyze_chart_image"}
{"ts":"2026-05-25T17:55:38.199Z","level":"info","scope":"aether","message":"Specialist request","data":{"purpose":"image","url":"https://ai.api.nvidia.com/v1/genai/","model":"flux.1-dev"}}
{"ts":"2026-05-25T17:59:21.420Z","level":"debug","scope":"commands","message":"Command registered: status"}
{"ts":"2026-05-25T17:59:22.014Z","level":"debug","scope":"commands","message":"Command registered: model"}
{"ts":"2026-05-25T17:59:22.071Z","level":"debug","scope":"commands","message":"Command registered: models"}
{"ts":"2026-05-25T17:59:22.159Z","level":"debug","scope":"commands","message":"Command registered: list"}
{"ts":"2026-05-25T17:59:22.203Z","level":"debug","scope":"commands","message":"Command registered: test"}
{"ts":"2026-05-25T17:59:22.271Z","level":"debug","scope":"commands","message":"Command registered: verbose"}
{"ts":"2026-05-25T17:59:22.315Z","level":"debug","scope":"commands","message":"Command registered: tts"}
{"ts":"2026-05-25T17:59:22.437Z","level":"debug","scope":"commands","message":"Command registered: promote"}
{"ts":"2026-05-25T17:59:22.481Z","level":"debug","scope":"commands","message":"Command registered: demote"}
{"ts":"2026-05-25T17:59:22.537Z","level":"debug","scope":"commands","message":"Command registered: ban"}
{"ts":"2026-05-25T17:59:22.582Z","level":"debug","scope":"commands","message":"Command registered: audit"}
{"ts":"2026-05-25T17:59:22.626Z","level":"debug","scope":"commands","message":"Command registered: watch"}
{"ts":"2026-05-25T17:59:22.660Z","level":"debug","scope":"commands","message":"Command registered: unwatch"}
{"ts":"2026-05-25T17:59:22.693Z","level":"debug","scope":"commands","message":"Command registered: remember"}
{"ts":"2026-05-25T17:59:22.749Z","level":"debug","scope":"commands","message":"Command registered: forget"}
{"ts":"2026-05-25T17:59:22.793Z","level":"debug","scope":"commands","message":"Command registered: recall"}
{"ts":"2026-05-25T17:59:22.827Z","level":"debug","scope":"commands","message":"Command registered: persona"}
{"ts":"2026-05-25T17:59:22.883Z","level":"debug","scope":"commands","message":"Command registered: commands"}
{"ts":"2026-05-25T17:59:22.927Z","level":"debug","scope":"commands","message":"Command registered: help"}
{"ts":"2026-05-25T17:59:23.741Z","level":"debug","scope":"tools","message":"Tool registered: get_market_data"}
{"ts":"2026-05-25T17:59:23.783Z","level":"debug","scope":"tools","message":"Tool registered: analyze_asset"}
{"ts":"2026-05-25T17:59:23.816Z","level":"debug","scope":"tools","message":"Tool registered: full_signal_analysis"}
{"ts":"2026-05-25T17:59:23.861Z","level":"debug","scope":"tools","message":"Tool registered: extract_chart_data"}
{"ts":"2026-05-25T17:59:23.952Z","level":"debug","scope":"tools","message":"Tool registered: extract_multiple_charts"}
{"ts":"2026-05-25T17:59:23.983Z","level":"debug","scope":"tools","message":"Tool registered: generate_image"}
{"ts":"2026-05-25T17:59:24.017Z","level":"debug","scope":"tools","message":"Tool registered: transcribe_audio"}
{"ts":"2026-05-25T17:59:24.050Z","level":"debug","scope":"tools","message":"Tool registered: analyze_chart_image"}
{"ts":"2026-05-25T17:59:24.107Z","level":"info","scope":"aether","message":"Specialist request","data":{"purpose":"image","url":"https://ai.api.nvidia.com/v1/genai/genai/text-to-image","model":"flux.1-dev"}}
{"ts":"2026-05-25T17:59:40.280Z","level":"debug","scope":"commands","message":"Command registered: status"}
{"ts":"2026-05-25T17:59:40.347Z","level":"debug","scope":"commands","message":"Command registered: model"}
{"ts":"2026-05-25T17:59:40.392Z","level":"debug","scope":"commands","message":"Command registered: models"}
{"ts":"2026-05-25T17:59:40.458Z","level":"debug","scope":"commands","message":"Command registered: list"}
{"ts":"2026-05-25T17:59:40.559Z","level":"debug","scope":"commands","message":"Command registered: test"}
{"ts":"2026-05-25T17:59:40.625Z","level":"debug","scope":"commands","message":"Command registered: verbose"}
{"ts":"2026-05-25T17:59:40.703Z","level":"debug","scope":"commands","message":"Command registered: tts"}
{"ts":"2026-05-25T17:59:40.759Z","level":"debug","scope":"commands","message":"Command registered: promote"}
{"ts":"2026-05-25T17:59:40.803Z","level":"debug","scope":"commands","message":"Command registered: demote"}
{"ts":"2026-05-25T17:59:40.882Z","level":"debug","scope":"commands","message":"Command registered: ban"}
{"ts":"2026-05-25T17:59:40.948Z","level":"debug","scope":"commands","message":"Command registered: audit"}
{"ts":"2026-05-25T17:59:40.993Z","level":"debug","scope":"commands","message":"Command registered: watch"}
{"ts":"2026-05-25T17:59:41.059Z","level":"debug","scope":"commands","message":"Command registered: unwatch"}
{"ts":"2026-05-25T17:59:41.115Z","level":"debug","scope":"commands","message":"Command registered: remember"}
{"ts":"2026-05-25T17:59:41.182Z","level":"debug","scope":"commands","message":"Command registered: forget"}
{"ts":"2026-05-25T17:59:41.237Z","level":"debug","scope":"commands","message":"Command registered: recall"}
{"ts":"2026-05-25T17:59:41.293Z","level":"debug","scope":"commands","message":"Command registered: persona"}
{"ts":"2026-05-25T17:59:41.349Z","level":"debug","scope":"commands","message":"Command registered: commands"}
{"ts":"2026-05-25T17:59:41.395Z","level":"debug","scope":"commands","message":"Command registered: help"}
{"ts":"2026-05-25T17:59:41.454Z","level":"debug","scope":"tools","message":"Tool registered: get_market_data"}
{"ts":"2026-05-25T17:59:41.516Z","level":"debug","scope":"tools","message":"Tool registered: analyze_asset"}
{"ts":"2026-05-25T17:59:41.561Z","level":"debug","scope":"tools","message":"Tool registered: full_signal_analysis"}
{"ts":"2026-05-25T17:59:41.594Z","level":"debug","scope":"tools","message":"Tool registered: extract_chart_data"}
{"ts":"2026-05-25T17:59:41.639Z","level":"debug","scope":"tools","message":"Tool registered: extract_multiple_charts"}
{"ts":"2026-05-25T17:59:41.683Z","level":"debug","scope":"tools","message":"Tool registered: generate_image"}
{"ts":"2026-05-25T17:59:41.761Z","level":"debug","scope":"tools","message":"Tool registered: transcribe_audio"}
{"ts":"2026-05-25T17:59:41.806Z","level":"debug","scope":"tools","message":"Tool registered: analyze_chart_image"}
{"ts":"2026-05-25T17:59:41.842Z","level":"info","scope":"aether","message":"Specialist request","data":{"purpose":"image","url":"https://ai.api.nvidia.com/v1/genai/text-to-image","model":"flux.1-dev"}}
